
Allocating common symbols
Common symbol       size              file

g_p_i2c_slave1_read_buf
                    0x4               obj\main.o
fs_etpu_free_param  0x4               obj\etpu_gct.o
g_scriptFailFlag    0x4               C:\GIT\ASHWARE\Builds\Lib\libcpu32.o
isrParam2TableAddr  0x4               C:\GIT\ASHWARE\Builds\Lib\libcpu32.o
isrParam1Table      0x400             C:\GIT\ASHWARE\Builds\Lib\libcpu32.o
isrParam1TableAddr  0x4               C:\GIT\ASHWARE\Builds\Lib\libcpu32.o
g_p_i2c_master_buf1
                    0x4               obj\main.o
fs_etpu_c_free_param
                    0x4               obj\etpu_gct.o
isrAddrTable        0x400             C:\GIT\ASHWARE\Builds\Lib\libcpu32.o
g_p_i2c_master_cmd_buf
                    0x4               obj\main.o
isrAddrTableAddr    0x4               C:\GIT\ASHWARE\Builds\Lib\libcpu32.o
g_backDoorBuf       0x80              C:\GIT\ASHWARE\Builds\Lib\libcpu32.o
userVecTable        0x400             C:\GIT\ASHWARE\Builds\Lib\libcpu32.o
g_p_i2c_slave1_write_buf
                    0x4               obj\main.o
g_p_i2c_master_buf2
                    0x4               obj\main.o
g_p_i2c_master_buf3
                    0x4               obj\main.o
g_i2c_error_flags   0x2               obj\main.o
isrParam2Table      0x400             C:\GIT\ASHWARE\Builds\Lib\libcpu32.o
g_p_i2c_master_buf4
                    0x4               obj\main.o
g_p_i2c_slave2_read_buf
                    0x4               obj\main.o
g_p_i2c_slave2_write_buf
                    0x4               obj\main.o
isrFirstVecNum      0x4               C:\GIT\ASHWARE\Builds\Lib\libcpu32.o

Memory Configuration

Name             Origin             Length             Attributes
ram1             0x00000000         0x00000400         xrw
ram2             0x00000400         0x0001fc00         xrw
*default*        0x00000000         0xffffffff

Linker script and memory map

LOAD C:\GIT\ASHWARE\Builds\Lib\libcpu32.o
LOAD obj\main.o
LOAD obj\etpu_gct.o
LOAD obj\etpu_util_ext.o
LOAD obj\etpu_i2c.o
LOAD obj\etpu_i2c_master.o
LOAD obj\etpu_i2c_slave.o
LOAD C:\Program Files (x86)\ASH WARE\GenericHostTools\V1_00A\gcc-m68k-ashware\lib\gcc-lib\m68k-coff\egcs-2.91.66\mcpu32/libgcc.a
LOAD C:\Program Files (x86)\ASH WARE\GenericHostTools\V1_00A\gcc-m68k-ashware\lib\gcc-lib\m68k-coff\egcs-2.91.66\mcpu32/libgcc.a
START GROUP
LOAD C:\Program Files (x86)\ASH WARE\GenericHostTools\V1_00A\gcc-m68k-ashware\m68k-coff\lib\mcpu32/libc.a
END GROUP
START GROUP
LOAD C:\Program Files (x86)\ASH WARE\GenericHostTools\V1_00A\gcc-m68k-ashware\m68k-coff\lib\mcpu32/libbcc.a
END GROUP
                0x0001fbf8                PROVIDE (__stack, 0x1fbf8)

.vecs           0x00000000      0x100
 *(.vectors)
 .vectors       0x00000000      0x100 C:\GIT\ASHWARE\Builds\Lib\libcpu32.o

.reset          0x00000400       0x48
 *(.reset)
 .reset         0x00000400       0x48 C:\GIT\ASHWARE\Builds\Lib\libcpu32.o
                0x0000042c                endloop
                0x0000042e                SimBackDoor
                0x00000400                start
                0x0001fff8                __stack=0x1fbf8

.text           0x00000448     0x5028
 *(.text)
 .text          0x00000448      0x764 C:\GIT\ASHWARE\Builds\Lib\libcpu32.o
                0x00000774                print
                0x00000830                set_voltage
                0x00000498                isrSetVecBase
                0x00000af6                verify_mem_u32
                0x00000688                at_time
                0x000008a2                verify_current
                0x000006e6                read_time
                0x000004b2                isrLibInit
                0x000007f0                set_angle_indices
                0x00000b92                InternalErrorLoop
                0x00000a82                verify_mem_u16
                0x0000048c                defaultIsr
                0x00000632                wait_time
                0x000009d8                write_tcrclk_pin
                0x00000b42                SetBackdoorScriptHeaderAndDo
                0x000007aa                place_buffer
                0x00000558                isrConnect
                0x00000746                print_to_trace
                0x00000a0e                verify_mem_u8
                0x00000946                write_chan_input_pin
                0x00000600                set_clk_period
                0x00000992                verify_chan_output_pin
 .text          0x00000bac      0x8ba obj\main.o
                0x00000d4a                aw_etpu_i2c_slave_wait_for_data_request_int
                0x00000bac                aw_etpu_i2c_master_wait_for_done_int
                0x00000c86                aw_etpu_i2c_slave_wait_for_done_int
                0x00000de0                user_main
 *fill*         0x00001466        0x2
 .text          0x00001468      0x2cc obj\etpu_gct.o
                0x000014a0                etpu_b_tcr2_freq
                0x00001478                fs_etpu_data_ram_end
                0x0000146c                eTPU
                0x0000147c                fs_etpu_data_ram_ext
                0x00001474                fs_etpu_data_ram_start
                0x000014a8                etpu_c_tcr2_freq
                0x0000148c                fs_etpu_c_data_ram_end
                0x0000149c                etpu_b_tcr1_freq
                0x00001488                fs_etpu_c_data_ram_start
                0x00001490                fs_etpu_c_data_ram_ext
                0x00001484                fs_etpu_c_code_start
                0x00001468                eTPU_AB
                0x00001480                eTPU_C
                0x00001722                my_system_etpu_start
                0x00001470                fs_etpu_code_start
                0x000014a4                etpu_c_tcr1_freq
                0x00001498                etpu_a_tcr2_freq
                0x00001494                etpu_a_tcr1_freq
                0x000014ac                my_system_etpu_init
 .text          0x00001734     0x2086 obj\etpu_util_ext.o
                0x0000306e                fs_etpu_get_idle_cnt_a_ext
                0x00001962                fs_etpu2_init_ext
                0x00002456                fs_etpu_get_chan_local_32_ext
                0x00002674                fs_etpu_get_chan_local_8_ext
                0x00002930                fs_memcpy32_ext
                0x0000274e                fs_etpu_set_global_16_ext
                0x000023ce                fs_etpu_set_chan_local_8_ext
                0x00002792                fs_etpu_set_global_8_ext
                0x00002346                fs_etpu_set_chan_local_16_ext
                0x0000302e                fs_etpu_get_global_error_ext
                0x00002f2e                fs_etpu_clear_chan_dma_oveflow_flag_ext
                0x0000331c                fs_etpu_coherent_read_32_ext
                0x0000281a                fs_etpu_get_global_24s_ext
                0x000020c2                fs_etpu_malloc_ext
                0x00001e92                fs_etpu_disable_ext
                0x00002a9e                fs_etpu_set_output_disable_mask_a_ext
                0x000022c2                fs_etpu_set_chan_local_24_ext
                0x00001c4a                fs_etpu_get_cpba_ext
                0x00001fb8                fs_etpu_dma_enable_ext
                0x00002734                fs_etpu_set_global_24_ext
                0x00003138                fs_etpu_clear_idle_cnt_b_ext
                0x000034a6                fs_etpu_coherent_write_24_ext
                0x00002fa4                fs_etpu_get_global_exceptions_ext
                0x00002d76                fs_etpu_clear_chan_interrupt_overflow_flag_ext
                0x00002242                fs_etpu_set_chan_local_32_ext
                0x000029b6                fs_etpu_set_interrupt_mask_a_ext
                0x000026f8                fs_etpu_set_global_32_ext
                0x00001d4a                fs_etpu_set_hsr_ext
                0x00001f56                fs_etpu_interrupt_disable_ext
                0x000025f0                fs_etpu_get_chan_local_16_ext
                0x00002fec                fs_etpu_clear_global_exceptions_ext
                0x0000207c                fs_timer_start_ext
                0x00002ec4                fs_etpu_get_chan_dma_oveflow_flag_ext
                0x00001734                fs_etpu_init_ext
                0x000028f0                fs_etpu_get_global_8_ext
                0x00002c96                fs_etpu_clear_chan_interrupt_flag_ext
                0x00002c34                fs_etpu_get_chan_interrupt_flag_ext
                0x00001ef4                fs_etpu_interrupt_enable_ext
                0x000027d6                fs_etpu_get_global_32_ext
                0x000030f2                fs_etpu_clear_idle_cnt_a_ext
                0x00002980                fs_memset32_ext
                0x0000201a                fs_etpu_dma_disable_ext
                0x00001cca                fs_etpu_get_cpba_pse_ext
                0x000029f0                fs_etpu_set_interrupt_mask_b_ext
                0x00002dec                fs_etpu_get_chan_dma_flag_ext
                0x00002a64                fs_etpu_set_dma_mask_b_ext
                0x00003634                fs_etpu_coherent_write_32_ext
                0x000024da                fs_etpu_get_chan_local_24s_ext
                0x00002d0c                fs_etpu_get_chan_interrupt_oveflow_flag_ext
                0x00001e16                fs_etpu_enable_ext
                0x00001db2                fs_etpu_get_hsr_ext
                0x00002e4e                fs_etpu_clear_chan_dma_flag_ext
                0x00002b68                fs_etpu_set_output_disable_mask_b_ext
                0x00002a2a                fs_etpu_set_dma_mask_a_ext
                0x00002156                fs_etpu_malloc2_ext
                0x00001b24                fs_etpu_chan_init_ext
                0x000030b0                fs_etpu_get_idle_cnt_b_ext
                0x00002562                fs_etpu_get_chan_local_24_ext
                0x0000317e                fs_etpu_coherent_read_24_ext
                0x000028b0                fs_etpu_get_global_16_ext
                0x00002862                fs_etpu_get_global_24_ext
 *fill*         0x000037ba        0x2
 .text          0x000037bc      0x2ea obj\etpu_i2c.o
                0x000037bc                aw_etpu_i2c_allocate_buffer
                0x000037f8                aw_etpu_i2c_shutdown
 *fill*         0x00003aa6        0x2
 .text          0x00003aa8      0xeb2 obj\etpu_i2c_master.o
                0x00004902                aw_etpu_i2c_master_clear_latched_error_flags
                0x0000438e                aw_etpu_i2c_master_receive
                0x0000489c                aw_etpu_i2c_master_get_latched_error_flags
                0x00004028                aw_etpu_i2c_master_set_timing
                0x00004844                aw_etpu_i2c_master_clear_running_error_flags
                0x00004764                aw_etpu_i2c_master_latch_clear_error_flags
                0x0000465c                aw_etpu_i2c_master_raw_transfer
                0x0000424e                aw_etpu_i2c_master_transmit
                0x000044d4                aw_etpu_i2c_master_combined_transfer
                0x00003aa8                aw_etpu_i2c_master_init
                0x000047de                aw_etpu_i2c_master_get_running_error_flags
 *fill*         0x0000495a        0x2
 .text          0x0000495c      0xaf4 obj\etpu_i2c_slave.o
                0x00004ff0                aw_etpu_i2c_slave_set_write_buffer
                0x000052d4                aw_etpu_i2c_slave_get_running_error_flags
                0x00004ef4                aw_etpu_i2c_slave_set_read_buffer
                0x000053f8                aw_etpu_i2c_slave_clear_latched_error_flags
                0x00005072                aw_etpu_i2c_slave_get_transfer_status
                0x00004f76                aw_etpu_i2c_slave_issue_data_ready
                0x0000495c                aw_etpu_i2c_slave_init
                0x0000533a                aw_etpu_i2c_slave_clear_running_error_flags
                0x00005124                aw_etpu_i2c_slave_get_write_data
                0x0000525e                aw_etpu_i2c_slave_latch_clear_error_flags
                0x00005392                aw_etpu_i2c_slave_get_latched_error_flags
                0x00005450                .=ALIGN(0x4)
                0x00005450                __CTOR_LIST__=.
                0x00005450                ___CTOR_LIST__=.
                0x00005450        0x4 LONG 0x0 (((__CTOR_END__-__CTOR_LIST__)/0x4)-0x2)
 *(.ctors)
                0x00005454        0x4 LONG 0x0
                0x00005458                __CTOR_END__=.
                0x00005458                __DTOR_LIST__=.
                0x00005458                ___DTOR_LIST__=.
                0x00005458        0x4 LONG 0x0 (((__DTOR_END__-__DTOR_LIST__)/0x4)-0x2)
 *(.dtors)
                0x0000545c        0x4 LONG 0x0
                0x00005460                __DTOR_END__=.
 *(.rodata)
 *(.gcc_except_table)
                0x00005460                __INIT_SECTION__=.
                0x00005460        0x4 LONG 0x4e560000
 *(.init)
                0x00005464        0x2 SHORT 0x4e5e
                0x00005466        0x2 SHORT 0x4e75
                0x00005468                __FINI_SECTION__=.
                0x00005468        0x4 LONG 0x4e560000
 *(.fini)
                0x0000546c        0x2 SHORT 0x4e5e
                0x0000546e        0x2 SHORT 0x4e75
                0x00005470                _etext=.
 *(.lit)

.data           0x00005470     0x18cc
 *(.shdata)
 *(.data)
 .data          0x00005470        0x4 C:\GIT\ASHWARE\Builds\Lib\libcpu32.o
                0x00005470                vecTableBaseAddr
 .data          0x00005474        0x4 obj\main.o
                0x00005474                g_complete_flag
 .data          0x00005478     0x18c2 obj\etpu_gct.o
                0x00006cde                i2c_slave1_instance
                0x00006cec                i2c_slave1_config
                0x00006c78                etpu_globals
                0x00005478                etpu_code
                0x00006d1a                i2c_slave2_config
                0x00006cac                i2c_master_instance
                0x00006d0c                i2c_slave2_instance
                0x00006cba                i2c_master_config
                0x00006c80                my_etpu_config
 *fill*         0x00006d3a        0x2
                0x00006d3c                _edata=.

.bss            0x00006d3c     0x10c4
                0x00006d3c                .=ALIGN(0x4)
                0x00006d3c                __bss_start=.
 *(.shbss)
 *(.bss)
 *(COMMON)
 COMMON         0x00006d3c     0x1094 C:\GIT\ASHWARE\Builds\Lib\libcpu32.o
                0x00006d3c                g_scriptFailFlag
                0x00006d40                isrParam2TableAddr
                0x00006d44                isrParam1Table
                0x00007144                isrParam1TableAddr
                0x00007148                isrAddrTable
                0x00007548                isrAddrTableAddr
                0x0000754c                g_backDoorBuf
                0x000075cc                userVecTable
                0x000079cc                isrParam2Table
                0x00007dcc                isrFirstVecNum
 COMMON         0x00007dd0       0x28 obj\main.o
                0x00007dd0                g_p_i2c_slave1_read_buf
                0x00007dd4                g_p_i2c_master_buf1
                0x00007dd8                g_p_i2c_master_cmd_buf
                0x00007ddc                g_p_i2c_slave1_write_buf
                0x00007de0                g_p_i2c_master_buf2
                0x00007de4                g_p_i2c_master_buf3
                0x00007de8                g_i2c_error_flags
                0x00007dec                g_p_i2c_master_buf4
                0x00007df0                g_p_i2c_slave2_read_buf
                0x00007df4                g_p_i2c_slave2_write_buf
 COMMON         0x00007df8        0x8 obj\etpu_gct.o
                0x00007df8                fs_etpu_free_param
                0x00007dfc                fs_etpu_c_free_param
                0x00007e00                __bss_end=ALIGN(0x8)

.stab
 *(.stab)

.stabstr
 *(.stabstr)

.heap           0x00007e00        0x0
                0x00007e00                __heap_start__=.
                0x00007e00                end=__heap_start__
                0x00007e00                _end=end
                0x00007e00                __end=end
OUTPUT(I2C_sim.coff coff-m68k)
